[    9477ms] [ERROR] Failed to load resource: net::ERR_CONNECTION_REFUSED @ http://127.0.0.1:60328/:0
[   12572ms] [WARNING] It is recommended that a robustness level be specified. Not specifying the robustness level could result in unexpected behavior. @ https://g.alicdn.com/AWSC/fireyejs/1.234.24/fireyejs.js:0
[   18183ms] [VERBOSE] [DOM] Input elements should have autocomplete attributes (suggested: "current-password"): (More info: https://goo.gl/9p2vKq) %o @ https://login.taobao.com/member/login.jhtml?style=mini&newMini2=true&from=sm&full_redirect=false&redirectURL=https%3a%2f%2fh5api.m.taobao.com:443/h5/mtop.relationrecommend.wirelessrecommend.recommend/2.0%2F_____tmd_____%2Fpage%2Fmtoph5_close_iframe_page%3Frand%3DS3WxGHAgAt756EpznwfNzJq2AFA2qBNla3j6EINUS8We9dazM_iKElp8DwVSHZUevpC41Bx7RzivXIj9RnZgdg%26uuid%3D04e99eec6c847f9ab364884f8aa6033e%26_lgt_%3D04e99eec6c847f9ab364884f8aa6033e___230453___0e770ea46f46e8bd929b1b8ab1c017ff___837b211a0c5c4d0311617da5fff37e257cad377890b4c45ccdf2cb0fd662949d96fd3974e532502deaefdb37fbace911212135c333bb06f572a9c5bce98ee08b01f1454170bfa7080fbe148befab52e653ae3935f7f3f16c06621dd4df51d28b48ed237050a2ce473c1bb2afea25f919649412900907770d6317ec3a50590d55f1372c3b455dd129ace4988af327d1ea5a26a8d9cd2b60087b3a2de3ee1b23bc152d5ee42e34c843eb304cbd0c2d47870197877772cf37700a148a38f413673b1b3d233490a2beaeebf35f57de748feb9f83d4dad3e3661fff5878a531f630cd72d80914cb595bce45a36e8b52e4f1a31a74a61e5e4d116f1f295b6d48db5f56ec24d3063d66f08b8ed02b9332e1e09066c04daa30a5897246b3a6ddf26b7b9b8877af3b2af3cfee7b3940f6d61f218594abc25dcbc081d2be1971cbf769ba6d2213f67606c64705a30cd58dd0f58f562aa93eba5d1ea610775e7646b10e4b052edb46ab06694ebadbb44984e3d2b8cf:0
[   18755ms] [LOG] Sun Aug 16 2026 15:40:53 GMT+0800 (中国标准时间) @ https://g.alicdn.com/AWSC/et/1.84.2/et_f.js:2
[   18793ms] [ERROR] Permissions policy violation: gyroscope is not allowed in this document. @ https://g.alicdn.com/secdev/sufei_data/3.9.14/index.js:0
[   18794ms] [ERROR] Permissions policy violation: accelerometer is not allowed in this document. @ https://g.alicdn.com/secdev/sufei_data/3.9.14/index.js:0
[   18794ms] [WARNING] The deviceorientation events are blocked by permissions policy. See https://github.com/w3c/webappsec-permissions-policy/blob/master/features.md#sensor-features @ https://g.alicdn.com/secdev/sufei_data/3.9.14/index.js:0
[   18891ms] [ERROR] Permissions policy violation: encrypted-media is not allowed in this document. @ https://g.alicdn.com/AWSC/fireyejs/1.234.24/fireyejs.js:0
[   18892ms] [WARNING] Encrypted Media access has been blocked because of a Feature Policy applied to the current document. See https://crbug.com/414348233 for more details. @ https://g.alicdn.com/AWSC/fireyejs/1.234.24/fireyejs.js:0
[   18892ms] [ERROR] Permissions policy violation: encrypted-media is not allowed in this document. @ https://g.alicdn.com/AWSC/fireyejs/1.234.24/fireyejs.js:0
[   18892ms] [WARNING] Encrypted Media access has been blocked because of a Feature Policy applied to the current document. See https://crbug.com/414348233 for more details. @ https://g.alicdn.com/AWSC/fireyejs/1.234.24/fireyejs.js:0
[   18893ms] [ERROR] Permissions policy violation: encrypted-media is not allowed in this document. @ https://g.alicdn.com/AWSC/fireyejs/1.234.24/fireyejs.js:0
[   18893ms] [WARNING] Encrypted Media access has been blocked because of a Feature Policy applied to the current document. See https://crbug.com/414348233 for more details. @ https://g.alicdn.com/AWSC/fireyejs/1.234.24/fireyejs.js:0
[   18893ms] [ERROR] Permissions policy violation: encrypted-media is not allowed in this document. @ https://g.alicdn.com/AWSC/fireyejs/1.234.24/fireyejs.js:0
[   18893ms] [WARNING] Encrypted Media access has been blocked because of a Feature Policy applied to the current document. See https://crbug.com/414348233 for more details. @ https://g.alicdn.com/AWSC/fireyejs/1.234.24/fireyejs.js:0
[   18894ms] [ERROR] Permissions policy violation: screen-wake-lock is not allowed in this document. @ https://g.alicdn.com/AWSC/fireyejs/1.234.24/fireyejs.js:0
[   18910ms] [ERROR] Permissions policy violation: accelerometer is not allowed in this document. @ https://g.alicdn.com/AWSC/fireyejs/1.234.24/fireyejs.js:0
[   18910ms] [WARNING] The deviceorientation events are blocked by permissions policy. See https://github.com/w3c/webappsec-permissions-policy/blob/master/features.md#sensor-features @ https://g.alicdn.com/AWSC/fireyejs/1.234.24/fireyejs.js:0
[   19189ms] [LOG] Sun Aug 16 2026 15:40:53 GMT+0800 (中国标准时间) @ https://g.alicdn.com/AWSC/et/1.84.2/et_f.js:2
[   19208ms] [LOG] {"cfg":{},"tid":"1JPipPORFPXlQlQ2Vni7rw=="} @ https://o.alicdn.com/baxia/baxia-entry-gray/index.js:0
[   19278ms] [ERROR] Permissions policy violation: accelerometer is not allowed in this document. @ https://g.alicdn.com/AWSC/uab/1.140.0/collina.js:1
[   19278ms] [WARNING] The deviceorientation events are blocked by permissions policy. See https://github.com/w3c/webappsec-permissions-policy/blob/master/features.md#sensor-features @ https://g.alicdn.com/AWSC/uab/1.140.0/collina.js:1
[   19516ms] [ERROR] Permissions policy violation: accelerometer is not allowed in this document. @ https://g.alicdn.com/AWSC/fireyejs/1.234.24/fireyejs.js:0
[   19516ms] [WARNING] The devicemotion events are blocked by permissions policy. See https://github.com/w3c/webappsec-permissions-policy/blob/master/features.md#sensor-features @ https://g.alicdn.com/AWSC/fireyejs/1.234.24/fireyejs.js:0
[   21613ms] [LOG] {"cfg":{},"tid":"Q6TNtB_oPccfl2SzB0ObQA=="} @ https://o.alicdn.com/baxia/baxia-entry-gray/index.js:0
