[ 2211861ms] [INFO] %cDownload the React DevTools for a better development experience: https://reactjs.org/link/react-devtools font-weight:bold @ http://localhost:5175/flextree/.vitepress/cache/deps/react-dom_client.js?v=fcd28dcc:21550
[ 2212804ms] ReferenceError: React is not defined
    at App (http://localhost:5175/flextree/.vitepress/demos/App.tsx:23:16)
    at renderWithHooks (http://localhost:5175/flextree/.vitepress/cache/deps/react-dom_client.js?v=fcd28dcc:11548:26)
    at mountIndeterminateComponent (http://localhost:5175/flextree/.vitepress/cache/deps/react-dom_client.js?v=fcd28dcc:14926:21)
    at beginWork (http://localhost:5175/flextree/.vitepress/cache/deps/react-dom_client.js?v=fcd28dcc:15914:22)
    at HTMLUnknownElement.callCallback2 (http://localhost:5175/flextree/.vitepress/cache/deps/react-dom_client.js?v=fcd28dcc:3674:22)
    at Object.invokeGuardedCallbackDev (http://localhost:5175/flextree/.vitepress/cache/deps/react-dom_client.js?v=fcd28dcc:3699:24)
    at invokeGuardedCallback (http://localhost:5175/flextree/.vitepress/cache/deps/react-dom_client.js?v=fcd28dcc:3733:39)
    at beginWork$1 (http://localhost:5175/flextree/.vitepress/cache/deps/react-dom_client.js?v=fcd28dcc:19765:15)
    at performUnitOfWork (http://localhost:5175/flextree/.vitepress/cache/deps/react-dom_client.js?v=fcd28dcc:19201:20)
    at workLoopSync (http://localhost:5175/flextree/.vitepress/cache/deps/react-dom_client.js?v=fcd28dcc:19137:13)
[ 2212809ms] ReferenceError: React is not defined
    at App (http://localhost:5175/flextree/.vitepress/demos/App.tsx:23:16)
    at renderWithHooks (http://localhost:5175/flextree/.vitepress/cache/deps/react-dom_client.js?v=fcd28dcc:11548:26)
    at mountIndeterminateComponent (http://localhost:5175/flextree/.vitepress/cache/deps/react-dom_client.js?v=fcd28dcc:14926:21)
    at beginWork (http://localhost:5175/flextree/.vitepress/cache/deps/react-dom_client.js?v=fcd28dcc:15914:22)
    at HTMLUnknownElement.callCallback2 (http://localhost:5175/flextree/.vitepress/cache/deps/react-dom_client.js?v=fcd28dcc:3674:22)
    at Object.invokeGuardedCallbackDev (http://localhost:5175/flextree/.vitepress/cache/deps/react-dom_client.js?v=fcd28dcc:3699:24)
    at invokeGuardedCallback (http://localhost:5175/flextree/.vitepress/cache/deps/react-dom_client.js?v=fcd28dcc:3733:39)
    at beginWork$1 (http://localhost:5175/flextree/.vitepress/cache/deps/react-dom_client.js?v=fcd28dcc:19765:15)
    at performUnitOfWork (http://localhost:5175/flextree/.vitepress/cache/deps/react-dom_client.js?v=fcd28dcc:19201:20)
    at workLoopSync (http://localhost:5175/flextree/.vitepress/cache/deps/react-dom_client.js?v=fcd28dcc:19137:13)
[ 2212814ms] [ERROR] The above error occurred in the <App> component:

    at App (http://localhost:5175/flextree/.vitepress/demos/App.tsx:7:31)

Consider adding an error boundary to your tree to customize error handling behavior.
Visit https://reactjs.org/link/error-boundaries to learn more about error boundaries. @ http://localhost:5175/flextree/.vitepress/cache/deps/react-dom_client.js?v=fcd28dcc:14031
[ 2212814ms] ReferenceError: React is not defined
    at App (http://localhost:5175/flextree/.vitepress/demos/App.tsx:23:16)
    at renderWithHooks (http://localhost:5175/flextree/.vitepress/cache/deps/react-dom_client.js?v=fcd28dcc:11548:26)
    at mountIndeterminateComponent (http://localhost:5175/flextree/.vitepress/cache/deps/react-dom_client.js?v=fcd28dcc:14926:21)
    at beginWork (http://localhost:5175/flextree/.vitepress/cache/deps/react-dom_client.js?v=fcd28dcc:15914:22)
    at beginWork$1 (http://localhost:5175/flextree/.vitepress/cache/deps/react-dom_client.js?v=fcd28dcc:19753:22)
    at performUnitOfWork (http://localhost:5175/flextree/.vitepress/cache/deps/react-dom_client.js?v=fcd28dcc:19201:20)
    at workLoopSync (http://localhost:5175/flextree/.vitepress/cache/deps/react-dom_client.js?v=fcd28dcc:19137:13)
    at renderRootSync (http://localhost:5175/flextree/.vitepress/cache/deps/react-dom_client.js?v=fcd28dcc:19116:15)
    at recoverFromConcurrentError (http://localhost:5175/flextree/.vitepress/cache/deps/react-dom_client.js?v=fcd28dcc:18736:28)
    at performConcurrentWorkOnRoot (http://localhost:5175/flextree/.vitepress/cache/deps/react-dom_client.js?v=fcd28dcc:18684:30)
[ 2214688ms] [INFO] %cDownload the React DevTools for a better development experience: https://reactjs.org/link/react-devtools font-weight:bold @ http://localhost:5175/flextree/.vitepress/cache/deps/react-dom_client.js?v=fcd28dcc:21550
[ 2215365ms] ReferenceError: React is not defined
    at App (http://localhost:5175/flextree/.vitepress/demos/App.tsx:23:16)
    at renderWithHooks (http://localhost:5175/flextree/.vitepress/cache/deps/react-dom_client.js?v=fcd28dcc:11548:26)
    at mountIndeterminateComponent (http://localhost:5175/flextree/.vitepress/cache/deps/react-dom_client.js?v=fcd28dcc:14926:21)
    at beginWork (http://localhost:5175/flextree/.vitepress/cache/deps/react-dom_client.js?v=fcd28dcc:15914:22)
    at HTMLUnknownElement.callCallback2 (http://localhost:5175/flextree/.vitepress/cache/deps/react-dom_client.js?v=fcd28dcc:3674:22)
    at Object.invokeGuardedCallbackDev (http://localhost:5175/flextree/.vitepress/cache/deps/react-dom_client.js?v=fcd28dcc:3699:24)
    at invokeGuardedCallback (http://localhost:5175/flextree/.vitepress/cache/deps/react-dom_client.js?v=fcd28dcc:3733:39)
    at beginWork$1 (http://localhost:5175/flextree/.vitepress/cache/deps/react-dom_client.js?v=fcd28dcc:19765:15)
    at performUnitOfWork (http://localhost:5175/flextree/.vitepress/cache/deps/react-dom_client.js?v=fcd28dcc:19201:20)
    at workLoopSync (http://localhost:5175/flextree/.vitepress/cache/deps/react-dom_client.js?v=fcd28dcc:19137:13)
[ 2215366ms] ReferenceError: React is not defined
    at App (http://localhost:5175/flextree/.vitepress/demos/App.tsx:23:16)
    at renderWithHooks (http://localhost:5175/flextree/.vitepress/cache/deps/react-dom_client.js?v=fcd28dcc:11548:26)
    at mountIndeterminateComponent (http://localhost:5175/flextree/.vitepress/cache/deps/react-dom_client.js?v=fcd28dcc:14926:21)
    at beginWork (http://localhost:5175/flextree/.vitepress/cache/deps/react-dom_client.js?v=fcd28dcc:15914:22)
    at HTMLUnknownElement.callCallback2 (http://localhost:5175/flextree/.vitepress/cache/deps/react-dom_client.js?v=fcd28dcc:3674:22)
    at Object.invokeGuardedCallbackDev (http://localhost:5175/flextree/.vitepress/cache/deps/react-dom_client.js?v=fcd28dcc:3699:24)
    at invokeGuardedCallback (http://localhost:5175/flextree/.vitepress/cache/deps/react-dom_client.js?v=fcd28dcc:3733:39)
    at beginWork$1 (http://localhost:5175/flextree/.vitepress/cache/deps/react-dom_client.js?v=fcd28dcc:19765:15)
    at performUnitOfWork (http://localhost:5175/flextree/.vitepress/cache/deps/react-dom_client.js?v=fcd28dcc:19201:20)
    at workLoopSync (http://localhost:5175/flextree/.vitepress/cache/deps/react-dom_client.js?v=fcd28dcc:19137:13)
[ 2215367ms] [ERROR] The above error occurred in the <App> component:

    at App (http://localhost:5175/flextree/.vitepress/demos/App.tsx:7:31)

Consider adding an error boundary to your tree to customize error handling behavior.
Visit https://reactjs.org/link/error-boundaries to learn more about error boundaries. @ http://localhost:5175/flextree/.vitepress/cache/deps/react-dom_client.js?v=fcd28dcc:14031
[ 2215366ms] ReferenceError: React is not defined
    at App (http://localhost:5175/flextree/.vitepress/demos/App.tsx:23:16)
    at renderWithHooks (http://localhost:5175/flextree/.vitepress/cache/deps/react-dom_client.js?v=fcd28dcc:11548:26)
    at mountIndeterminateComponent (http://localhost:5175/flextree/.vitepress/cache/deps/react-dom_client.js?v=fcd28dcc:14926:21)
    at beginWork (http://localhost:5175/flextree/.vitepress/cache/deps/react-dom_client.js?v=fcd28dcc:15914:22)
    at beginWork$1 (http://localhost:5175/flextree/.vitepress/cache/deps/react-dom_client.js?v=fcd28dcc:19753:22)
    at performUnitOfWork (http://localhost:5175/flextree/.vitepress/cache/deps/react-dom_client.js?v=fcd28dcc:19201:20)
    at workLoopSync (http://localhost:5175/flextree/.vitepress/cache/deps/react-dom_client.js?v=fcd28dcc:19137:13)
    at renderRootSync (http://localhost:5175/flextree/.vitepress/cache/deps/react-dom_client.js?v=fcd28dcc:19116:15)
    at recoverFromConcurrentError (http://localhost:5175/flextree/.vitepress/cache/deps/react-dom_client.js?v=fcd28dcc:18736:28)
    at performConcurrentWorkOnRoot (http://localhost:5175/flextree/.vitepress/cache/deps/react-dom_client.js?v=fcd28dcc:18684:30)
[ 2281913ms] [LOG] [vite] server connection lost. Polling for restart... @ http://localhost:5175/flextree/@vite/client:559
[ 2293235ms] [INFO] %cDownload the React DevTools for a better development experience: https://reactjs.org/link/react-devtools font-weight:bold @ http://localhost:5175/flextree/.vitepress/cache/deps/chunk-W4E7V66Q.js?v=e88c9c8c:21550
[ 2303542ms] [INFO] %cDownload the React DevTools for a better development experience: https://reactjs.org/link/react-devtools font-weight:bold @ http://localhost:5175/flextree/.vitepress/cache/deps/chunk-V6PJQMLW.js?v=10dfd86c:21550
[ 2493602ms] [ERROR] Failed to load resource: the server responded with a status of 500 (Internal Server Error) @ http://localhost:5175/flextree/.vitepress/demos/App.tsx?t=1786866506667:0
[ 2493606ms] [ERROR] [hmr] Failed to reload /.vitepress/demos/App.tsx. This could be due to syntax errors or importing non-existent modules. (see errors above) @ http://localhost:5175/flextree/@vite/client:175
[ 2493637ms] [WARNING] [Vue warn]: Unhandled error during execution of mounted hook 
  at <Demo/index.md onVnodeMounted=fn<runCbs> onVnodeUpdated=fn<runCbs> onVnodeUnmounted=fn<runCbs> > 
  at <VitePressContent class="vp-doc _flextree_demo_" > 
  at <VPDoc key=4 > 
  at <VPContent> 
  at <Layout> 
  at <Layout> 
  at <VitePressApp> @ http://localhost:5175/flextree/.vitepress/cache/deps/chunk-W23SE5HG.js?v=10dfd86c:2229
[ 2493643ms] Failed to fetch dynamically imported module: http://localhost:5175/flextree/.vitepress/demos/App.tsx?t=1786866506667
[ 2656365ms] [INFO] %cDownload the React DevTools for a better development experience: https://reactjs.org/link/react-devtools font-weight:bold @ http://localhost:5175/flextree/.vitepress/cache/deps/chunk-V6PJQMLW.js?v=10dfd86c:21550
[ 3328889ms] [INFO] %cDownload the React DevTools for a better development experience: https://reactjs.org/link/react-devtools font-weight:bold @ http://localhost:5175/flextree/.vitepress/cache/deps/chunk-V6PJQMLW.js?v=10dfd86c:21550
[ 3821243ms] [INFO] %cDownload the React DevTools for a better development experience: https://reactjs.org/link/react-devtools font-weight:bold @ http://localhost:5175/flextree/.vitepress/cache/deps/chunk-V6PJQMLW.js?v=10dfd86c:21550
[ 3922436ms] [INFO] %cDownload the React DevTools for a better development experience: https://reactjs.org/link/react-devtools font-weight:bold @ http://localhost:5175/flextree/.vitepress/cache/deps/chunk-V6PJQMLW.js?v=10dfd86c:21550
[ 3935745ms] [LOG] [vite] server connection lost. Polling for restart... @ http://localhost:5175/flextree/@vite/client:559
[ 3938082ms] [ERROR] Failed to load resource: net::ERR_CONNECTION_REFUSED @ http://localhost:5175/flextree/:0
[ 3941441ms] [ERROR] Failed to load resource: net::ERR_CONNECTION_REFUSED @ http://localhost:5175/flextree/:0
[ 3945056ms] [INFO] %cDownload the React DevTools for a better development experience: https://reactjs.org/link/react-devtools font-weight:bold @ http://localhost:5175/flextree/.vitepress/cache/deps/chunk-V6PJQMLW.js?v=10dfd86c:21550
[ 3995986ms] [INFO] %cDownload the React DevTools for a better development experience: https://reactjs.org/link/react-devtools font-weight:bold @ http://localhost:5175/flextree/.vitepress/cache/deps/chunk-V6PJQMLW.js?v=10dfd86c:21550
